current directory: /work/vendor/bundle/ruby/3.3.0/gems/date-3.5.1/ext/date
/usr/local/bin/ruby extconf.rb
checking for rb_category_warn()... yes
checking for timezone in time.h with  -Werror... yes
checking for altzone in time.h with  -Werror... no
creating Makefile

current directory: /work/vendor/bundle/ruby/3.3.0/gems/date-3.5.1/ext/date
make DESTDIR\= sitearchdir\=./.gem.20260902-10-2raryz sitelibdir\=./.gem.20260902-10-2raryz clean

current directory: /work/vendor/bundle/ruby/3.3.0/gems/date-3.5.1/ext/date
make DESTDIR\= sitearchdir\=./.gem.20260902-10-2raryz sitelibdir\=./.gem.20260902-10-2raryz
compiling date_core.c
compiling date_parse.c
compiling date_strftime.c
compiling date_strptime.c
linking shared-object date_core.so

current directory: /work/vendor/bundle/ruby/3.3.0/gems/date-3.5.1/ext/date
make DESTDIR\= sitearchdir\=./.gem.20260902-10-2raryz sitelibdir\=./.gem.20260902-10-2raryz install
/usr/bin/install -c -m 0755 date_core.so ./.gem.20260902-10-2raryz

current directory: /work/vendor/bundle/ruby/3.3.0/gems/date-3.5.1/ext/date
make DESTDIR\= sitearchdir\=./.gem.20260902-10-2raryz sitelibdir\=./.gem.20260902-10-2raryz clean
